src/app/(protected)/coach/page.tsx(158,31): error TS7006: Parameter 'source' implicitly has an 'any' type.
src/app/(protected)/coach/page.tsx(158,39): error TS7006: Parameter 'target' implicitly has an 'any' type.
src/app/(protected)/dashboard/page.tsx(184,24): error TS2304: Cannot find name 'Check'.
src/app/(protected)/dashboard/page.tsx(185,24): error TS2304: Cannot find name 'AlertCircle'.
